// Jest Snapshot v1, https://goo.gl/fbAQLP

exports[`[37m[44m/> Testing in <CounterApp />[49m[39m Test 1: Should show <CounterApp /> correctly 1`] = `
<Fragment>
  <h1>
     CounterApp 
  </h1>
  <h2>
    0
  </h2>
  <button
    id="hAdd"
    onClick={[Function]}
  >
     +1 
  </button>
  <button
    id="hReset"
    onClick={[Function]}
  >
     Reset 
  </button>
  <button
    id="hSubtract"
    onClick={[Function]}
  >
     -1 
  </button>
</Fragment>
`;
